node.exe : 
[31m[1mError[22m[39m 
[31m[1mHH606:[22m[39m 
The project cannot be 
compiled, see reasons 
below.
At line:1 char:1
+ & "C:\Program 
Files\nodejs/node.exe" 
"C:\Program 
Files\nodejs/node_mo ...
+ ~~~~~~~~~~~~~~~~~~~~~~~~~
~~~~~~~~~~~~~~~~~~~~~~~~~~~
~~~~~~~~~~~~~~~~~
    + CategoryInfo         
     : NotSpecified: ([3  
  1m[1mError... reason   
 s below.:String) [], R    
emoteException
    + FullyQualifiedErrorI 
   d : NativeCommandError
 

The Solidity version 
pragma statement in these 
files doesn't match any of 
the configured compilers 
in your config. Change the 
pragma or configure 
additional compiler 
versions in your hardhat 
config.

  * @openzeppelin/contracts
/token/ERC721/ERC721.sol 
(^0.8.24)
  * @openzeppelin/contracts
/token/ERC721/extensions/ER
C721URIStorage.sol 
(^0.8.24)
  * @openzeppelin/contracts
/utils/Strings.sol 
(^0.8.24)
  * @openzeppelin/contracts
/utils/Bytes.sol (^0.8.24)

These files and its 
dependencies cannot be 
compiled with your config. 
This can happen because 
they have incompatible 
Solidity pragmas, or don't 
match any of your 
configured Solidity 
compilers.

  * 
contracts/NFTReceipt.sol

To learn more, run the 
command again with 
--verbose

Read about compiler 
configuration at https://v2
.hardhat.org/config


For more info go to https:/
/v2.hardhat.org/HH606 or 
run Hardhat with 
--show-stack-traces
